---
source: tests/models/livestock.rs
assertion_line: 38
expression: result
---
Ok(
    Some(
        SummaryData {
            total: 15,
            males: 3,
            females: 12,
            unkown_gender: 0,
            active: 14,
            transferred: 0,
            sold: 1,
            deceased: 0,
            species: 1,
            breeds: 4,
            total_purchased_value: 708045.75,
        },
    ),
)
