---
source: tests/requests/animals.rs
assertion_line: 61
expression: "(request.status_code(), request.text())"
---
(
    200,
    "{\"id\":115,\"pid\":\"f6417c11-d817-4626-9e8d-c68a44002d4b\",\"organisationPid\":\"9d5b0c1e-6a48-4bce-b818-dc8c015fd8a0\",\"organisationName\":\"Acme Corp\",\"tagId\":\"AC007\",\"name\":\"Rose\",\"specieName\":\"cattle\",\"breedName\":\"Jersey\",\"dateOfBirth\":\"2024-04-10\",\"gender\":\"female\",\"parentFemaleName\":\"Spot\",\"parentFemaleTagId\":\"AC005\",\"parentMaleName\":\"Ferdinand\",\"parentMaleTagId\":\"AC003\",\"status\":\"active\",\"purchaseDate\":null,\"purchasePrice\":null,\"weightAtBirth\":\"27.25\",\"currentWeight\":\"150.75\",\"notes\":\"Healthy calf, growing well\",\"createdBy\":\"bd6f7c26-d2c9-487e-b837-8f77be468033\",\"createdByName\":\"John Doe\",\"createdAt\":\"2024-04-10T07:15:00Z\",\"updatedAt\":\"2024-12-10T11:30:00Z\"}",
)
