---
source: tests/requests/animals.rs
assertion_line: 61
expression: "(request.status_code(), request.text())"
---
(
    200,
    "{\"id\":115,\"pid\":\"f6417c11-d817-4626-9e8d-c68a44002d4b\",\"organisationName\":\"Acme Corp\",\"tagId\":\"AC007\",\"name\":\"Rose\",\"specieName\":\"cattle\",\"breedName\":\"Jersey\",\"dateOfBirth\":\"2024-04-10\",\"gender\":\"female\",\"parentFemaleName\":\"Spot\",\"parentMaleName\":\"Ferdinand\",\"parentFemaleTagId\":\"AC005\",\"parentMaleTagId\":\"AC003\",\"status\":\"active\",\"purchaseDate\":null,\"purchasePrice\":null,\"weightAtBirth\":\"27.25\",\"currentWeight\":\"150.75\",\"notes\":\"Healthy calf, growing well\",\"createdByName\":\"John Doe\",\"createdAt\":\"2024-04-10T07:15:00Z\",\"updatedAt\":\"2024-12-10T11:30:00Z\"}",
)
