---
source: tests/models/production_records.rs
assertion_line: 78
expression: result
---
Ok(
    [
        ProductionRecordCleaned {
            id: 103,
            livestock_name: "Woolly",
            organisation_name: "Inter-continental Industries",
            quantity: 2.00,
            unit: "bales",
            record_date: 2024-06-21,
            quality: Some(
                "Hight quality",
            ),
            notes: Some(
                "Perfect wool for making blankets",
            ),
            created_by: "James Moriaty",
            created_at: 2024-06-21T10:15:00+00:00,
            updated_at: 2024-06-21T10:15:00+00:00,
        },
        ProductionRecordCleaned {
            id: 104,
            livestock_name: "Fleecy",
            organisation_name: "Inter-continental Industries",
            quantity: 3.00,
            unit: "bales",
            record_date: 2024-06-21,
            quality: Some(
                "Hight quality",
            ),
            notes: Some(
                "3 bales of high quality wool for jumper manufacturing",
            ),
            created_by: "James Moriaty",
            created_at: 2024-06-21T10:15:00+00:00,
            updated_at: 2024-06-21T10:15:00+00:00,
        },
    ],
)
