---
source: tests/models/users.rs
assertion_line: 155
expression: result
---
Ok(
    User {
        id: ID
        pid: PID,
        organisation_pid: PID,
        role: "manager",
        email: "manageremployee@mail.org",
        password_hash: "PASSWORD",
        first_name: "Manager",
        last_name: "Employee",
        is_active: true,
        password_change_required: true,
        reset_token: None,
        reset_token_sent_at: None,
        last_login: None,
        last_password_change: None,
        created_at: DATE,
        updated_at: DATE,
    },
)
