---
source: tests/models/breeds.rs
assertion_line: 81
expression: result
---
Ok(
    Breed {
        id: ID,
        specie: "cattle",
        name: "Aberdeen Angus",
        description: Some(
            "Beef cattle with red or black coat",
        ),
        typical_male_weight_range: Some(
            "750-950",
        ),
        typical_female_weight_range: Some(
            "500-550",
        ),
        typical_gestation_period: Some(
            "283 days",
        ),
        created_at: DATE,
        organisation_pid: None,
        is_system_defined: true,
    },
)
