---
source: tests/models/summaries/species.rs
assertion_line: 44
expression: result
---
Ok(
    Some(
        SpecieSummaryExtract {
            total: 15,
            males: 3,
            females: 12,
            unkown_gender: 0,
            active: 14,
            transferred: 0,
            sold: 1,
            deceased: 0,
            average_age_months: Some(
                27.4666666666666667,
            ),
            average_weight_male: Some(
                817.0833333333333333,
            ),
            average_weight_female: Some(
                422.4625000000000000,
            ),
            total_purchase_value: 708045.75,
        },
    ),
)
